******************************************************************************
                  TI ARM Linker PC v5.2.6                      
******************************************************************************
>> Linked Wed Feb 03 02:12:09 2016

OUTPUT FILE NAME:   <LAB02.out>
ENTRY POINT SYMBOL: "_c_int00"  address: 00000a31


MEMORY CONFIGURATION

         name            origin    length      used     unused   attr    fill
----------------------  --------  ---------  --------  --------  ----  --------
  FLASH                 00000000   00040000  00000d4c  0003f2b4  R  X
  SRAM                  20000000   00008000  00000220  00007de0  RW X


SEGMENT ALLOCATION MAP

run origin  load origin   length   init length attrs members
----------  ----------- ---------- ----------- ----- -------
00000000    00000000    00000d4c   00000d4c    r-x
  00000000    00000000    0000026c   0000026c    r-- .intvecs
  0000026c    0000026c    000009d8   000009d8    r-x .text
  00000c44    00000c44    000000dc   000000dc    r-- .const
  00000d20    00000d20    0000002c   0000002c    r-- .cinit
20000000    20000000    00000220   00000000    rw-
  20000000    20000000    00000200   00000000    rw- .stack
  20000200    20000200    00000020   00000000    rw- .data


SECTION ALLOCATION MAP

 output                                  attributes/
section   page    origin      length       input sections
--------  ----  ----------  ----------   ----------------
.intvecs   0    00000000    0000026c     
                  00000000    0000026c     tm4c123gh6pm_startup_ccs.obj (.intvecs)

.text      0    0000026c    000009d8     
                  0000026c    000001d4     main.obj (.text)
                  00000440    00000132     driverlib.lib : gpio.obj (.text:GPIOPadConfigSet)
                  00000572    00000002     --HOLE-- [fill = 0]
                  00000574    00000110                   : sysctl.obj (.text:SysCtlClockGet)
                  00000684    000000f4                   : sysctl.obj (.text:SysCtlClockSet)
                  00000778    0000009c     rtsv7M4_T_le_v4SPD16_eabi.lib : memcpy_t2.obj (.text)
                  00000814    0000007a                                   : memset_t2.obj (.text)
                  0000088e    00000002     --HOLE-- [fill = 0]
                  00000890    0000006c                                   : autoinit.obj (.text)
                  000008fc    0000006a                                   : copy_decompress_rle.obj (.text)
                  00000966    00000002     --HOLE-- [fill = 0]
                  00000968    00000068     driverlib.lib : interrupt.obj (.text:IntEnable)
                  000009d0    00000060                   : timer.obj (.text:TimerConfigure)
                  00000a30    00000050     rtsv7M4_T_le_v4SPD16_eabi.lib : boot.obj (.text)
                  00000a80    0000004c                                   : cpy_tbl.obj (.text)
                  00000acc    00000044                                   : exit.obj (.text)
                  00000b10    00000034     driverlib.lib : sysctl.obj (.text:SysCtlPeripheralEnable)
                  00000b44    0000002a                   : gpio.obj (.text:GPIODirModeSet)
                  00000b6e    00000018                   : gpio.obj (.text:GPIOPinTypeGPIOOutput)
                  00000b86    00000002     --HOLE-- [fill = 0]
                  00000b88    00000018     rtsv7M4_T_le_v4SPD16_eabi.lib : args_main.obj (.text)
                  00000ba0    00000014                                   : _lock.obj (.text)
                  00000bb4    00000012     driverlib.lib : gpio.obj (.text:GPIOPinTypeGPIOInput)
                  00000bc6    00000012                   : timer.obj (.text:TimerLoadSet)
                  00000bd8    00000010                   : interrupt.obj (.text:IntMasterEnable)
                  00000be8    0000000e                   : timer.obj (.text:TimerEnable)
                  00000bf6    0000000e     rtsv7M4_T_le_v4SPD16_eabi.lib : copy_decompress_none.obj (.text:decompress:none)
                  00000c04    0000000c     driverlib.lib : cpu.obj (.text:CPUcpsie)
                  00000c10    0000000c     tm4c123gh6pm_startup_ccs.obj (.text)
                  00000c1c    00000008     driverlib.lib : timer.obj (.text:TimerIntEnable)
                  00000c24    00000006                   : gpio.obj (.text:GPIOPinRead)
                  00000c2a    00000006                   : gpio.obj (.text:GPIOPinWrite)
                  00000c30    00000006                   : sysctl.obj (.text:SysCtlDelay)
                  00000c36    00000006     rtsv7M4_T_le_v4SPD16_eabi.lib : copy_decompress_rle.obj (.text:decompress:rle24)
                  00000c3c    00000004     driverlib.lib : timer.obj (.text:TimerIntClear)
                  00000c40    00000004     rtsv7M4_T_le_v4SPD16_eabi.lib : pre_init.obj (.text)

.const     0    00000c44    000000dc     
                  00000c44    00000070     driverlib.lib : interrupt.obj (.const)
                  00000cb4    0000006c                   : sysctl.obj (.const:g_pui32Xtals)

.cinit     0    00000d20    0000002c     
                  00000d20    0000001a     (.cinit..data.load) [load image, compression = rle]
                  00000d3a    00000002     --HOLE-- [fill = 0]
                  00000d3c    00000008     (__TI_handler_table)
                  00000d44    00000008     (__TI_cinit_table)

.init_array 
*          0    00000000    00000000     UNINITIALIZED

.stack     0    20000000    00000200     UNINITIALIZED
                  20000000    00000200     --HOLE--

.data      0    20000200    00000020     UNINITIALIZED
                  20000200    0000000c     main.obj (.data)
                  2000020c    00000008     rtsv7M4_T_le_v4SPD16_eabi.lib : _lock.obj (.data)
                  20000214    00000008                                   : exit.obj (.data)
                  2000021c    00000004                                   : stkdepth_vars.obj (.data)

.TI.persistent 
*          0    20000200    00000000     UNINITIALIZED


LINKER GENERATED COPY TABLES

__TI_cinit_table @ 00000d44 records: 1, size/record: 8, table size: 8
	.data: load addr=00000d20, load size=0000001a bytes, run addr=20000200, run size=00000020 bytes, compression=rle


LINKER GENERATED HANDLER TABLE

__TI_handler_table @ 00000d3c records: 2, size/record: 4, table size: 8
	index: 0, handler: __TI_decompress_rle24
	index: 1, handler: __TI_decompress_none


GLOBAL SYMBOLS: SORTED ALPHABETICALLY BY Name 

address   name                    
-------   ----                    
00000acd  C$$EXIT                 
00000c05  CPUcpsie                
00000b45  GPIODirModeSet          
00000441  GPIOPadConfigSet        
00000c25  GPIOPinRead             
00000bb5  GPIOPinTypeGPIOInput    
00000b6f  GPIOPinTypeGPIOOutput   
00000c2b  GPIOPinWrite            
00000969  IntEnable               
00000bd9  IntMasterEnable         
00000c11  ResetISR                
UNDEFED   SHT$$INIT_ARRAY$$Base   
UNDEFED   SHT$$INIT_ARRAY$$Limit  
00000575  SysCtlClockGet          
00000685  SysCtlClockSet          
00000c31  SysCtlDelay             
00000b11  SysCtlPeripheralEnable  
000003f7  Timer0IntHandler        
000009d1  TimerConfigure          
00000be9  TimerEnable             
00000c3d  TimerIntClear           
00000c1d  TimerIntEnable          
00000bc7  TimerLoadSet            
20000200  __STACK_END             
00000200  __STACK_SIZE            
20000200  __STACK_TOP             
00000d44  __TI_CINIT_Base         
00000d4c  __TI_CINIT_Limit        
00000d3c  __TI_Handler_Table_Base 
00000d44  __TI_Handler_Table_Limit
00000891  __TI_auto_init          
20000214  __TI_cleanup_ptr        
00000bf7  __TI_decompress_none    
00000c37  __TI_decompress_rle24   
20000218  __TI_dtors_ptr          
00000000  __TI_static_base__      
00000815  __aeabi_memclr          
00000815  __aeabi_memclr4         
00000815  __aeabi_memclr8         
00000779  __aeabi_memcpy          
00000779  __aeabi_memcpy4         
00000779  __aeabi_memcpy8         
00000817  __aeabi_memset          
00000817  __aeabi_memset4         
00000817  __aeabi_memset8         
ffffffff  __binit__               
ffffffff  __c_args__              
20000000  __stack                 
00000b89  _args_main              
00000a31  _c_int00                
2000020c  _lock                   
00000baf  _nop                    
00000ba7  _register_lock          
00000ba1  _register_unlock        
00000c41  _system_pre_init        
20000210  _unlock                 
00000ad1  abort                   
ffffffff  binit                   
00000a81  copy_in                 
00000385  detectKeyPress          
00000ad9  exit                    
00000000  g_pfnVectors            
000002f9  idle                    
00000359  idle2                   
0000029b  main                    
2000021c  main_func_sp            
00000779  memcpy                  
0000081d  memset                  
00000335  press                   
00000367  press2                  
20000202  pressed                 
20000203  pressed2                
0000033d  release                 
0000036f  release2                
20000200  state                   
20000201  state2                  
20000208  sw2Status               
0000026d  switchPinConfig         
20000204  ui8LED                  


GLOBAL SYMBOLS: SORTED BY Symbol Address 

address   name                    
-------   ----                    
00000000  __TI_static_base__      
00000000  g_pfnVectors            
00000200  __STACK_SIZE            
0000026d  switchPinConfig         
0000029b  main                    
000002f9  idle                    
00000335  press                   
0000033d  release                 
00000359  idle2                   
00000367  press2                  
0000036f  release2                
00000385  detectKeyPress          
000003f7  Timer0IntHandler        
00000441  GPIOPadConfigSet        
00000575  SysCtlClockGet          
00000685  SysCtlClockSet          
00000779  __aeabi_memcpy          
00000779  __aeabi_memcpy4         
00000779  __aeabi_memcpy8         
00000779  memcpy                  
00000815  __aeabi_memclr          
00000815  __aeabi_memclr4         
00000815  __aeabi_memclr8         
00000817  __aeabi_memset          
00000817  __aeabi_memset4         
00000817  __aeabi_memset8         
0000081d  memset                  
00000891  __TI_auto_init          
00000969  IntEnable               
000009d1  TimerConfigure          
00000a31  _c_int00                
00000a81  copy_in                 
00000acd  C$$EXIT                 
00000ad1  abort                   
00000ad9  exit                    
00000b11  SysCtlPeripheralEnable  
00000b45  GPIODirModeSet          
00000b6f  GPIOPinTypeGPIOOutput   
00000b89  _args_main              
00000ba1  _register_unlock        
00000ba7  _register_lock          
00000baf  _nop                    
00000bb5  GPIOPinTypeGPIOInput    
00000bc7  TimerLoadSet            
00000bd9  IntMasterEnable         
00000be9  TimerEnable             
00000bf7  __TI_decompress_none    
00000c05  CPUcpsie                
00000c11  ResetISR                
00000c1d  TimerIntEnable          
00000c25  GPIOPinRead             
00000c2b  GPIOPinWrite            
00000c31  SysCtlDelay             
00000c37  __TI_decompress_rle24   
00000c3d  TimerIntClear           
00000c41  _system_pre_init        
00000d3c  __TI_Handler_Table_Base 
00000d44  __TI_CINIT_Base         
00000d44  __TI_Handler_Table_Limit
00000d4c  __TI_CINIT_Limit        
20000000  __stack                 
20000200  __STACK_END             
20000200  __STACK_TOP             
20000200  state                   
20000201  state2                  
20000202  pressed                 
20000203  pressed2                
20000204  ui8LED                  
20000208  sw2Status               
2000020c  _lock                   
20000210  _unlock                 
20000214  __TI_cleanup_ptr        
20000218  __TI_dtors_ptr          
2000021c  main_func_sp            
ffffffff  __binit__               
ffffffff  __c_args__              
ffffffff  binit                   
UNDEFED   SHT$$INIT_ARRAY$$Base   
UNDEFED   SHT$$INIT_ARRAY$$Limit  

[79 symbols]
